
> vite_react_shadcn_ts@0.0.0 build
> vite build

[36mvite v5.4.19 [32mbuilding for production...[36m[39m
transforming...
node.exe : Browserslist: 
browsers data 
(caniuse-lite) is 6 
months old. Please run:
At line:1 char:1
+ & "C:\Program 
Files\nodejs/node.exe" 
"C:\Program 
Files\nodejs/node_mo ...
+ ~~~~~~~~~~~~~~~~~~~~~~~~
~~~~~~~~~~~~~~~~~~~~~~~~~~
~~~~~~~~~~~~~~~~~~~
    + CategoryInfo        
      : NotSpe    cified: 
(Browser    slist: 
b...ld. P    lease 
run::Strin    g) [], 
RemoteExc    eption
    + FullyQualified    
ErrorId : Native    
CommandError
 
  npx update-browserslist-
db@latest
  Why you should do it 
regularly: https://github.
com/browserslist/update-db
#readme
[32mΓ£ô[39m 34 modules transformed.
[31mx[39m Build failed 
in 3.21s
[31merror during build:
[31m[vite:esbuild] 
Transform failed with 2 
errors:
D:/vote-india-secure-main/
src/pages/VotingManagement
.tsx:452:8: ERROR: The 
symbol "results" has 
already been declared
D:/vote-india-secure-main/
src/pages/VotingManagement
.tsx:452:8: ERROR: The 
symbol "setResults" has 
already been declared[31m
file: [36mD:/vote-india-s
ecure-main/src/pages/Votin
gManagement.tsx:452:8[31m
[33m
[33mThe symbol "results" 
has already been 
declared[33m
450|    };
451|  
452|    const [results, 
setResults] = 
useState<any[]>([]);
   |          ^
453|  
454|    useEffect(() => {

[33mThe symbol 
"setResults" has already 
been declared[33m
450|    };
451|  
452|    const [results, 
setResults] = 
useState<any[]>([]);
   |          ^
453|  
454|    useEffect(() => {
[31m
    at 
failureErrorWithLog (D:\vo
te-india-secure-main\node_
modules\esbuild\lib\main.j
s:1472:15)
    at D:\vote-india-secur
e-main\node_modules\esbuil
d\lib\main.js:755:50
    at responseCallbacks.<
computed> (D:\vote-india-s
ecure-main\node_modules\es
build\lib\main.js:622:9)
    at 
handleIncomingPacket (D:\v
ote-india-secure-main\node
_modules\esbuild\lib\main.
js:677:12)
    at 
Socket.readFromStdout (D:\
vote-india-secure-main\nod
e_modules\esbuild\lib\main
.js:600:7)
    at Socket.emit 
(node:events:518:28)
    at addChunk (node:inte
rnal/streams/readable:561:
12)
    at readableAddChunkPus
hByteMode (node:internal/s
treams/readable:512:3)
    at Readable.push (node
:internal/streams/readable
:392:5)
    at Pipe.onStreamRead (
node:internal/stream_base_
commons:189:23)[39m
